!***************  EMFT CONTRIBUTION  ******************************************************** 

!*** Special entries from eclipse

plugin@org.eclipse.test=v20050319,:pserver:anonymous@dev.eclipse.org:/cvsroot/eclipse,
fragment@org.eclipse.ant.optional.junit=v20050226,:pserver:anonymous@dev.eclipse.org:/cvsroot/eclipse,

!*** Default entries

feature@org.eclipse.emf.transaction.sdk=build_200601052225,:ext:nickb@dev.eclipse.org:/cvsroot/technology,,org.eclipse.emft/transaction/plugins/org.eclipse.emf.transaction-feature/org.eclipse.emf.transaction.sdk

!*** EMFT plugins, features and fragments

plugin@org.eclipse.emf.transaction=build_200601052225,:ext:nickb@dev.eclipse.org:/cvsroot/technology,,org.eclipse.emft/transaction/plugins/org.eclipse.emf.transaction
feature@org.eclipse.emf.transaction=build_200601052225,:ext:nickb@dev.eclipse.org:/cvsroot/technology,,org.eclipse.emft/transaction/plugins/org.eclipse.emf.transaction-feature
plugin@org.eclipse.emf.transaction.ui=build_200601052225,:ext:nickb@dev.eclipse.org:/cvsroot/technology,,org.eclipse.emft/transaction/plugins/org.eclipse.emf.transaction.ui
plugin@org.eclipse.emf.workbench=build_200601052225,:ext:nickb@dev.eclipse.org:/cvsroot/technology,,org.eclipse.emft/transaction/plugins/org.eclipse.emf.workbench
feature@org.eclipse.emf.workbench=build_200601052225,:ext:nickb@dev.eclipse.org:/cvsroot/technology,,org.eclipse.emft/transaction/plugins/org.eclipse.emf.workbench-feature
plugin@org.eclipse.emf.workbench.ui=build_200601052225,:ext:nickb@dev.eclipse.org:/cvsroot/technology,,org.eclipse.emft/transaction/plugins/org.eclipse.emf.workbench.ui
plugin@org.eclipse.emf.transaction.examples=build_200601052225,:ext:nickb@dev.eclipse.org:/cvsroot/technology,,org.eclipse.emft/transaction/examples/org.eclipse.emf.transaction.examples
feature@org.eclipse.emf.transaction.examples=build_200601052225,:ext:nickb@dev.eclipse.org:/cvsroot/technology,,org.eclipse.emft/transaction/examples/org.eclipse.emf.transaction.examples-feature
plugin@org.eclipse.emf.workbench.examples=build_200601052225,:ext:nickb@dev.eclipse.org:/cvsroot/technology,,org.eclipse.emft/transaction/examples/org.eclipse.emf.workbench.examples
feature@org.eclipse.emf.workbench.examples=build_200601052225,:ext:nickb@dev.eclipse.org:/cvsroot/technology,,org.eclipse.emft/transaction/examples/org.eclipse.emf.workbench.examples-feature
plugin@org.eclipse.emf.workbench.examples.library.editor=build_200601052225,:ext:nickb@dev.eclipse.org:/cvsroot/technology,,org.eclipse.emft/transaction/examples/org.eclipse.emf.workbench.examples.library.editor
plugin@org.eclipse.emf.transaction.tests=build_200601052225,:ext:nickb@dev.eclipse.org:/cvsroot/technology,,org.eclipse.emft/transaction/tests/org.eclipse.emf.transaction.tests
feature@org.eclipse.emf.transaction.tests=build_200601052225,:ext:nickb@dev.eclipse.org:/cvsroot/technology,,org.eclipse.emft/transaction/tests/org.eclipse.emf.transaction.tests-feature
plugin@org.eclipse.emf.workbench.tests=build_200601052225,:ext:nickb@dev.eclipse.org:/cvsroot/technology,,org.eclipse.emft/transaction/tests/org.eclipse.emf.workbench.tests
plugin@org.eclipse.emf.transaction.doc=build_200601052225,:ext:nickb@dev.eclipse.org:/cvsroot/technology,,org.eclipse.emft/transaction/doc/org.eclipse.emf.transaction.doc
feature@org.eclipse.emf.transaction.doc=build_200601052225,:ext:nickb@dev.eclipse.org:/cvsroot/technology,,org.eclipse.emft/transaction/doc/org.eclipse.emf.transaction.doc-feature
plugin@org.eclipse.emf.workbench.doc=build_200601052225,:ext:nickb@dev.eclipse.org:/cvsroot/technology,,org.eclipse.emft/transaction/doc/org.eclipse.emf.workbench.doc
feature@org.eclipse.emf.workbench.doc=build_200601052225,:ext:nickb@dev.eclipse.org:/cvsroot/technology,,org.eclipse.emft/transaction/doc/org.eclipse.emf.workbench.doc-feature