!***************  Project CONTRIBUTION  ******************************************************** 

!*** Special entries from eclipse

plugin@org.eclipse.test=v20070226,:pserver:anonymous@dev.eclipse.org:/cvsroot/eclipse,
fragment@org.eclipse.ant.optional.junit=v20050226,:pserver:anonymous@dev.eclipse.org:/cvsroot/eclipse,

!*** Default entries

!*** plugins, features and fragments

feature@org.eclipse.emf.transaction.master=HEAD,:pserver:anonymous@dev.eclipse.org:/cvsroot/modeling,,org.eclipse.emf/org.eclipse.emf.transaction/plugins/org.eclipse.emf.transaction.master-feature

feature@org.eclipse.emf.transaction.sdk=v200901271819,:pserver:anonymous@dev.eclipse.org:/cvsroot/modeling,,org.eclipse.emf/org.eclipse.emf.transaction/plugins/org.eclipse.emf.transaction.sdk-feature
feature@org.eclipse.emf.transaction=v200901271819,:pserver:anonymous@dev.eclipse.org:/cvsroot/modeling,,org.eclipse.emf/org.eclipse.emf.transaction/plugins/org.eclipse.emf.transaction-feature
feature@org.eclipse.emf.transaction.doc=v200901271819,:pserver:anonymous@dev.eclipse.org:/cvsroot/modeling,,org.eclipse.emf/org.eclipse.emf.transaction/doc/org.eclipse.emf.transaction.doc-feature
feature@org.eclipse.emf.transaction.examples=v200901271819,:pserver:anonymous@dev.eclipse.org:/cvsroot/modeling,,org.eclipse.emf/org.eclipse.emf.transaction/examples/org.eclipse.emf.transaction.examples-feature
feature@org.eclipse.emf.transaction.tests=v200901271819,:pserver:anonymous@dev.eclipse.org:/cvsroot/modeling,,org.eclipse.emf/org.eclipse.emf.transaction/tests/org.eclipse.emf.transaction.tests-feature

feature@org.eclipse.emf.workspace=v200901271819,:pserver:anonymous@dev.eclipse.org:/cvsroot/modeling,,org.eclipse.emf/org.eclipse.emf.transaction/plugins/org.eclipse.emf.workspace-feature
feature@org.eclipse.emf.workspace.doc=v200901271819,:pserver:anonymous@dev.eclipse.org:/cvsroot/modeling,,org.eclipse.emf/org.eclipse.emf.transaction/doc/org.eclipse.emf.workspace.doc-feature
feature@org.eclipse.emf.workspace.examples=v200901271819,:pserver:anonymous@dev.eclipse.org:/cvsroot/modeling,,org.eclipse.emf/org.eclipse.emf.transaction/examples/org.eclipse.emf.workspace.examples-feature

plugin@org.eclipse.emf.transaction=v200901271819,:pserver:anonymous@dev.eclipse.org:/cvsroot/modeling,,org.eclipse.emf/org.eclipse.emf.transaction/plugins/org.eclipse.emf.transaction
plugin@org.eclipse.emf.transaction.ui=v200901271819,:pserver:anonymous@dev.eclipse.org:/cvsroot/modeling,,org.eclipse.emf/org.eclipse.emf.transaction/plugins/org.eclipse.emf.transaction.ui
plugin@org.eclipse.emf.transaction.doc=v200901271819,:pserver:anonymous@dev.eclipse.org:/cvsroot/modeling,,org.eclipse.emf/org.eclipse.emf.transaction/doc/org.eclipse.emf.transaction.doc
plugin@org.eclipse.emf.transaction.examples=v200901271819,:pserver:anonymous@dev.eclipse.org:/cvsroot/modeling,,org.eclipse.emf/org.eclipse.emf.transaction/examples/org.eclipse.emf.transaction.examples
plugin@org.eclipse.emf.transaction.tests=v200901271819,:pserver:anonymous@dev.eclipse.org:/cvsroot/modeling,,org.eclipse.emf/org.eclipse.emf.transaction/tests/org.eclipse.emf.transaction.tests

plugin@org.eclipse.emf.workspace=v200901271819,:pserver:anonymous@dev.eclipse.org:/cvsroot/modeling,,org.eclipse.emf/org.eclipse.emf.transaction/plugins/org.eclipse.emf.workspace
plugin@org.eclipse.emf.workspace.ui=v200901271819,:pserver:anonymous@dev.eclipse.org:/cvsroot/modeling,,org.eclipse.emf/org.eclipse.emf.transaction/plugins/org.eclipse.emf.workspace.ui
plugin@org.eclipse.emf.workspace.doc=v200901271819,:pserver:anonymous@dev.eclipse.org:/cvsroot/modeling,,org.eclipse.emf/org.eclipse.emf.transaction/doc/org.eclipse.emf.workspace.doc
plugin@org.eclipse.emf.workspace.examples.library.editor=v200901271819,:pserver:anonymous@dev.eclipse.org:/cvsroot/modeling,,org.eclipse.emf/org.eclipse.emf.transaction/examples/org.eclipse.emf.workspace.examples.library.editor
plugin@org.eclipse.emf.workspace.examples=v200901271819,:pserver:anonymous@dev.eclipse.org:/cvsroot/modeling,,org.eclipse.emf/org.eclipse.emf.transaction/examples/org.eclipse.emf.workspace.examples
plugin@org.eclipse.emf.workspace.tests=v200901271819,:pserver:anonymous@dev.eclipse.org:/cvsroot/modeling,,org.eclipse.emf/org.eclipse.emf.transaction/tests/org.eclipse.emf.workspace.tests

!*** All-in-one data integrity frameworks features

feature@org.eclipse.emf.emfqtv.all.sdk=v200901271819,:pserver:anonymous@dev.eclipse.org:/cvsroot/modeling,,org.eclipse.emf/org.eclipse.emf.transaction/emfqtv/org.eclipse.emf.emfqtv.all.sdk-feature
feature@org.eclipse.emf.emfqtv.all=v200901271819,:pserver:anonymous@dev.eclipse.org:/cvsroot/modeling,,org.eclipse.emf/org.eclipse.emf.transaction/emfqtv/org.eclipse.emf.emfqtv.all-feature


!*** EMF Examples plugins
plugin@org.eclipse.emf.examples.library=R2_3_1RC,:pserver:anonymous@dev.eclipse.org:/cvsroot/modeling,,org.eclipse.emf/org.eclipse.emf/examples/org.eclipse.emf.examples.library
plugin@org.eclipse.emf.examples.library.edit=R2_3_1RC,:pserver:anonymous@dev.eclipse.org:/cvsroot/modeling,,org.eclipse.emf/org.eclipse.emf/examples/org.eclipse.emf.examples.library.edit
plugin@org.eclipse.emf.examples.library.editor=R2_3_1RC,:pserver:anonymous@dev.eclipse.org:/cvsroot/modeling,,org.eclipse.emf/org.eclipse.emf/examples/org.eclipse.emf.examples.library.editor